Timing Analyzer report for CFXS_HWD_TestDev
Thu Oct 13 03:22:07 2022
Quartus Prime Version 20.1.1 Build 720 11/11/2020 SJ Lite Edition


---------------------
; Table of Contents ;
---------------------
  1. Legal Notice
  2. Timing Analyzer Summary
  3. Parallel Compilation
  4. Clocks
  5. Fmax Summary
  6. Timing Closure Recommendations
  7. Setup Summary
  8. Hold Summary
  9. Recovery Summary
 10. Removal Summary
 11. Minimum Pulse Width Summary
 12. Metastability Summary
 13. Board Trace Model Assignments
 14. Input Transition Times
 15. Signal Integrity Metrics (Slow 1100mv 100c Model)
 16. Setup Transfers
 17. Hold Transfers
 18. Report TCCS
 19. Report RSKM
 20. Unconstrained Paths Summary
 21. Clock Status Summary
 22. Unconstrained Input Ports
 23. Unconstrained Output Ports
 24. Unconstrained Input Ports
 25. Unconstrained Output Ports
 26. Timing Analyzer Messages



----------------
; Legal Notice ;
----------------
Copyright (C) 2020  Intel Corporation. All rights reserved.
Your use of Intel Corporation's design tools, logic functions 
and other software and tools, and any partner logic 
functions, and any output files from any of the foregoing 
(including device programming or simulation files), and any 
associated documentation or information are expressly subject 
to the terms and conditions of the Intel Program License 
Subscription Agreement, the Intel Quartus Prime License Agreement,
the Intel FPGA IP License Agreement, or other applicable license
agreement, including, without limitation, that your use is for
the sole purpose of programming logic devices manufactured by
Intel and sold by Intel or its authorized distributors.  Please
refer to the applicable agreement for further details, at
https://fpgasoftware.intel.com/eula.



+-----------------------------------------------------------------------------+
; Timing Analyzer Summary                                                     ;
+-----------------------+-----------------------------------------------------+
; Quartus Prime Version ; Version 20.1.1 Build 720 11/11/2020 SJ Lite Edition ;
; Timing Analyzer       ; Legacy Timing Analyzer                              ;
; Revision Name         ; CFXS_HWD_TestDev                                    ;
; Device Family         ; Cyclone V                                           ;
; Device Name           ; 5CSEMA6U23I7                                        ;
; Timing Models         ; Final                                               ;
; Delay Model           ; Slow 1100mV 100C Model                              ;
; Rise/Fall Delays      ; Enabled                                             ;
+-----------------------+-----------------------------------------------------+


+------------------------------------------+
; Parallel Compilation                     ;
+----------------------------+-------------+
; Processors                 ; Number      ;
+----------------------------+-------------+
; Number detected on machine ; 8           ;
; Maximum allowed            ; 8           ;
;                            ;             ;
; Average used               ; 1.00        ;
; Maximum used               ; 4           ;
;                            ;             ;
; Usage by Processor         ; % Time Used ;
;     Processor 1            ; 100.0%      ;
;     Processor 2            ;   0.3%      ;
;     Processor 3            ;   0.1%      ;
;     Processor 4            ;   0.1%      ;
+----------------------------+-------------+


+------------------------------------------------------------------------------------------------------------------------------------------------------------------------------------------------------------------------------------------------------------------------------------+
; Clocks                                                                                                                                                                                                                                                                             ;
+----------------------------------------------------------+------+--------+------------+-------+-------+------------+-----------+-------------+-------+--------+-----------+------------+----------+--------+--------+--------------------------------------------------------------+
; Clock Name                                               ; Type ; Period ; Frequency  ; Rise  ; Fall  ; Duty Cycle ; Divide by ; Multiply by ; Phase ; Offset ; Edge List ; Edge Shift ; Inverted ; Master ; Source ; Targets                                                      ;
+----------------------------------------------------------+------+--------+------------+-------+-------+------------+-----------+-------------+-------+--------+-----------+------------+----------+--------+--------+--------------------------------------------------------------+
; Interface_SWD:instance_SWD_Interface|clock_SWCLK_Divided ; Base ; 1.000  ; 1000.0 MHz ; 0.000 ; 0.500 ;            ;           ;             ;       ;        ;           ;            ;          ;        ;        ; { Interface_SWD:instance_SWD_Interface|clock_SWCLK_Divided } ;
; system_clock                                             ; Base ; 1.000  ; 1000.0 MHz ; 0.000 ; 0.500 ;            ;           ;             ;       ;        ;           ;            ;          ;        ;        ; { system_clock }                                             ;
+----------------------------------------------------------+------+--------+------------+-------+-------+------------+-----------+-------------+-------+--------+-----------+------------+----------+--------+--------+--------------------------------------------------------------+


+------------------------------------------------------------------------------------------------+
; Fmax Summary                                                                                   ;
+------------+-----------------+----------------------------------------------------------+------+
; Fmax       ; Restricted Fmax ; Clock Name                                               ; Note ;
+------------+-----------------+----------------------------------------------------------+------+
; 213.63 MHz ; 213.63 MHz      ; system_clock                                             ;      ;
; 297.27 MHz ; 297.27 MHz      ; Interface_SWD:instance_SWD_Interface|clock_SWCLK_Divided ;      ;
+------------+-----------------+----------------------------------------------------------+------+
This panel reports FMAX for every clock in the design, regardless of the user-specified clock periods.  FMAX is only computed for paths where the source and destination registers or ports are driven by the same clock.  Paths of different clocks, including generated clocks, are ignored.  For paths between a clock and its inversion, FMAX is computed as if the rising and falling edges are scaled along with FMAX, such that the duty cycle (in terms of a percentage) is maintained. Altera recommends that you always use clock constraints and other slack reports for sign-off analysis.


----------------------------------
; Timing Closure Recommendations ;
----------------------------------
HTML report is unavailable in plain text report export.


+-----------------------------------------------------------------------------------+
; Setup Summary                                                                     ;
+----------------------------------------------------------+--------+---------------+
; Clock                                                    ; Slack  ; End Point TNS ;
+----------------------------------------------------------+--------+---------------+
; system_clock                                             ; -4.215 ; -8.818        ;
; Interface_SWD:instance_SWD_Interface|clock_SWCLK_Divided ; -2.364 ; -20.293       ;
+----------------------------------------------------------+--------+---------------+


+----------------------------------------------------------------------------------+
; Hold Summary                                                                     ;
+----------------------------------------------------------+-------+---------------+
; Clock                                                    ; Slack ; End Point TNS ;
+----------------------------------------------------------+-------+---------------+
; system_clock                                             ; 0.464 ; 0.000         ;
; Interface_SWD:instance_SWD_Interface|clock_SWCLK_Divided ; 0.592 ; 0.000         ;
+----------------------------------------------------------+-------+---------------+


--------------------
; Recovery Summary ;
--------------------
No paths to report.


-------------------
; Removal Summary ;
-------------------
No paths to report.


+-----------------------------------------------------------------------------------+
; Minimum Pulse Width Summary                                                       ;
+----------------------------------------------------------+--------+---------------+
; Clock                                                    ; Slack  ; End Point TNS ;
+----------------------------------------------------------+--------+---------------+
; system_clock                                             ; -0.560 ; -6.952        ;
; Interface_SWD:instance_SWD_Interface|clock_SWCLK_Divided ; -0.538 ; -7.042        ;
+----------------------------------------------------------+--------+---------------+


-------------------------
; Metastability Summary ;
-------------------------
No synchronizer chains to report.


+----------------------------------------------------------------------------------------------------------------------------------------------------------------------------------------------------------------------------------------------------------------------------------------------------------------------------------------------------------------------------------------------------------------------+
; Board Trace Model Assignments                                                                                                                                                                                                                                                                                                                                                                                        ;
+-------------------+--------------+-------------------+-------------------------+-------------------------+---------------+---------------------+----------------+------------------+--------+------------------+------------------------+------------------------+--------------+---------------+-----------------+-------+---------------------+--------------------+---------------+-----------------+-------------+
; Pin               ; I/O Standard ; Near Tline Length ; Near Tline L per Length ; Near Tline C per Length ; Near Series R ; Near Differential R ; Near Pull-up R ; Near Pull-down R ; Near C ; Far Tline Length ; Far Tline L per Length ; Far Tline C per Length ; Far Series R ; Far Pull-up R ; Far Pull-down R ; Far C ; Termination Voltage ; Far Differential R ; EBD File Name ; EBD Signal Name ; EBD Far-end ;
+-------------------+--------------+-------------------+-------------------------+-------------------------+---------------+---------------------+----------------+------------------+--------+------------------+------------------------+------------------------+--------------+---------------+-----------------+-------+---------------------+--------------------+---------------+-----------------+-------------+
; o_led[0]          ; 3.3-V LVCMOS ; 0 in              ; 0 H/in                  ; 0 F/in                  ; short         ; -                   ; open           ; open             ; open   ; 0 in             ; 0 H/in                 ; 0 F/in                 ; short        ; open          ; open            ; open  ; 0 V                 ; -                  ; n/a           ; n/a             ; n/a         ;
; o_led[1]          ; 3.3-V LVCMOS ; 0 in              ; 0 H/in                  ; 0 F/in                  ; short         ; -                   ; open           ; open             ; open   ; 0 in             ; 0 H/in                 ; 0 F/in                 ; short        ; open          ; open            ; open  ; 0 V                 ; -                  ; n/a           ; n/a             ; n/a         ;
; o_led[2]          ; 3.3-V LVCMOS ; 0 in              ; 0 H/in                  ; 0 F/in                  ; short         ; -                   ; open           ; open             ; open   ; 0 in             ; 0 H/in                 ; 0 F/in                 ; short        ; open          ; open            ; open  ; 0 V                 ; -                  ; n/a           ; n/a             ; n/a         ;
; o_led[3]          ; 3.3-V LVCMOS ; 0 in              ; 0 H/in                  ; 0 F/in                  ; short         ; -                   ; open           ; open             ; open   ; 0 in             ; 0 H/in                 ; 0 F/in                 ; short        ; open          ; open            ; open  ; 0 V                 ; -                  ; n/a           ; n/a             ; n/a         ;
; o_led[4]          ; 3.3-V LVCMOS ; 0 in              ; 0 H/in                  ; 0 F/in                  ; short         ; -                   ; open           ; open             ; open   ; 0 in             ; 0 H/in                 ; 0 F/in                 ; short        ; open          ; open            ; open  ; 0 V                 ; -                  ; n/a           ; n/a             ; n/a         ;
; o_led[5]          ; 3.3-V LVCMOS ; 0 in              ; 0 H/in                  ; 0 F/in                  ; short         ; -                   ; open           ; open             ; open   ; 0 in             ; 0 H/in                 ; 0 F/in                 ; short        ; open          ; open            ; open  ; 0 V                 ; -                  ; n/a           ; n/a             ; n/a         ;
; o_led[6]          ; 3.3-V LVCMOS ; 0 in              ; 0 H/in                  ; 0 F/in                  ; short         ; -                   ; open           ; open             ; open   ; 0 in             ; 0 H/in                 ; 0 F/in                 ; short        ; open          ; open            ; open  ; 0 V                 ; -                  ; n/a           ; n/a             ; n/a         ;
; o_led[7]          ; 3.3-V LVCMOS ; 0 in              ; 0 H/in                  ; 0 F/in                  ; short         ; -                   ; open           ; open             ; open   ; 0 in             ; 0 H/in                 ; 0 F/in                 ; short        ; open          ; open            ; open  ; 0 V                 ; -                  ; n/a           ; n/a             ; n/a         ;
; target_nreset     ; 3.3-V LVTTL  ; 0 in              ; 0 H/in                  ; 0 F/in                  ; short         ; -                   ; open           ; open             ; open   ; 0 in             ; 0 H/in                 ; 0 F/in                 ; short        ; open          ; open            ; open  ; 0 V                 ; -                  ; n/a           ; n/a             ; n/a         ;
; target_swclk      ; 3.3-V LVTTL  ; 0 in              ; 0 H/in                  ; 0 F/in                  ; short         ; -                   ; open           ; open             ; open   ; 0 in             ; 0 H/in                 ; 0 F/in                 ; short        ; open          ; open            ; open  ; 0 V                 ; -                  ; n/a           ; n/a             ; n/a         ;
; dbg_target_nreset ; 3.3-V LVTTL  ; 0 in              ; 0 H/in                  ; 0 F/in                  ; short         ; -                   ; open           ; open             ; open   ; 0 in             ; 0 H/in                 ; 0 F/in                 ; short        ; open          ; open            ; open  ; 0 V                 ; -                  ; n/a           ; n/a             ; n/a         ;
; dbg_target_swclk  ; 3.3-V LVTTL  ; 0 in              ; 0 H/in                  ; 0 F/in                  ; short         ; -                   ; open           ; open             ; open   ; 0 in             ; 0 H/in                 ; 0 F/in                 ; short        ; open          ; open            ; open  ; 0 V                 ; -                  ; n/a           ; n/a             ; n/a         ;
; dbg_target_swo    ; 3.3-V LVTTL  ; 0 in              ; 0 H/in                  ; 0 F/in                  ; short         ; -                   ; open           ; open             ; open   ; 0 in             ; 0 H/in                 ; 0 F/in                 ; short        ; open          ; open            ; open  ; 0 V                 ; -                  ; n/a           ; n/a             ; n/a         ;
; target_swdio      ; 3.3-V LVTTL  ; 0 in              ; 0 H/in                  ; 0 F/in                  ; short         ; -                   ; open           ; open             ; open   ; 0 in             ; 0 H/in                 ; 0 F/in                 ; short        ; open          ; open            ; open  ; 0 V                 ; -                  ; n/a           ; n/a             ; n/a         ;
; dbg_target_swdio  ; 3.3-V LVTTL  ; 0 in              ; 0 H/in                  ; 0 F/in                  ; short         ; -                   ; open           ; open             ; open   ; 0 in             ; 0 H/in                 ; 0 F/in                 ; short        ; open          ; open            ; open  ; 0 V                 ; -                  ; n/a           ; n/a             ; n/a         ;
+-------------------+--------------+-------------------+-------------------------+-------------------------+---------------+---------------------+----------------+------------------+--------+------------------+------------------------+------------------------+--------------+---------------+-----------------+-------+---------------------+--------------------+---------------+-----------------+-------------+


+---------------------------------------------------------------------+
; Input Transition Times                                              ;
+------------------+--------------+-----------------+-----------------+
; Pin              ; I/O Standard ; 10-90 Rise Time ; 90-10 Fall Time ;
+------------------+--------------+-----------------+-----------------+
; i_switch[0]      ; 3.3-V LVCMOS ; 2640 ps         ; 2640 ps         ;
; i_switch[1]      ; 3.3-V LVCMOS ; 2640 ps         ; 2640 ps         ;
; i_switch[2]      ; 3.3-V LVCMOS ; 2640 ps         ; 2640 ps         ;
; i_switch[3]      ; 3.3-V LVCMOS ; 2640 ps         ; 2640 ps         ;
; i_button[1]      ; 3.3-V LVCMOS ; 2640 ps         ; 2640 ps         ;
; target_swdio     ; 3.3-V LVTTL  ; 2640 ps         ; 2640 ps         ;
; dbg_target_swdio ; 3.3-V LVTTL  ; 2640 ps         ; 2640 ps         ;
; target_swo       ; 3.3-V LVTTL  ; 2640 ps         ; 2640 ps         ;
; i_button[0]      ; 3.3-V LVCMOS ; 2640 ps         ; 2640 ps         ;
; system_clock     ; 3.3-V LVCMOS ; 2640 ps         ; 2640 ps         ;
+------------------+--------------+-----------------+-----------------+


+------------------------------------------------------------------------------------------------------------------------------------------------------------------------------------------------------------------------------------------------------------------------------------------------------------------------------------------------------------------------------------------------------------------------------------------------------------------------------------------------------------------------------------------------------------------------------------------------------------------------------------------------------------------------------------------------+
; Signal Integrity Metrics (Slow 1100mv 100c Model)                                                                                                                                                                                                                                                                                                                                                                                                                                                                                                                                                                                                                                              ;
+-------------------+--------------+---------------------+---------------------+------------------------------+------------------------------+---------------------+---------------------+--------------------------------------+--------------------------------------+-----------------------------+-----------------------------+----------------------------+----------------------------+-----------------------------+-----------------------------+--------------------+--------------------+-------------------------------------+-------------------------------------+----------------------------+----------------------------+---------------------------+---------------------------+
; Pin               ; I/O Standard ; Board Delay on Rise ; Board Delay on Fall ; Steady State Voh at FPGA Pin ; Steady State Vol at FPGA Pin ; Voh Max at FPGA Pin ; Vol Min at FPGA Pin ; Ringback Voltage on Rise at FPGA Pin ; Ringback Voltage on Fall at FPGA Pin ; 10-90 Rise Time at FPGA Pin ; 90-10 Fall Time at FPGA Pin ; Monotonic Rise at FPGA Pin ; Monotonic Fall at FPGA Pin ; Steady State Voh at Far-end ; Steady State Vol at Far-end ; Voh Max at Far-end ; Vol Min at Far-end ; Ringback Voltage on Rise at Far-end ; Ringback Voltage on Fall at Far-end ; 10-90 Rise Time at Far-end ; 90-10 Fall Time at Far-end ; Monotonic Rise at Far-end ; Monotonic Fall at Far-end ;
+-------------------+--------------+---------------------+---------------------+------------------------------+------------------------------+---------------------+---------------------+--------------------------------------+--------------------------------------+-----------------------------+-----------------------------+----------------------------+----------------------------+-----------------------------+-----------------------------+--------------------+--------------------+-------------------------------------+-------------------------------------+----------------------------+----------------------------+---------------------------+---------------------------+
; o_led[0]          ; 3.3-V LVCMOS ; 0 s                 ; 0 s                 ; 3.08 V                       ; 3.09e-05 V                   ; 3.09 V              ; -0.0462 V           ; 0.045 V                              ; 0.085 V                              ; 5.49e-10 s                  ; 3.06e-10 s                  ; Yes                        ; Yes                        ; 3.08 V                      ; 3.09e-05 V                  ; 3.09 V             ; -0.0462 V          ; 0.045 V                             ; 0.085 V                             ; 5.49e-10 s                 ; 3.06e-10 s                 ; Yes                       ; Yes                       ;
; o_led[1]          ; 3.3-V LVCMOS ; 0 s                 ; 0 s                 ; 3.08 V                       ; 3.73e-05 V                   ; 3.11 V              ; -0.104 V            ; 0.101 V                              ; 0.139 V                              ; 5.54e-10 s                  ; 3.16e-10 s                  ; Yes                        ; Yes                        ; 3.08 V                      ; 3.73e-05 V                  ; 3.11 V             ; -0.104 V           ; 0.101 V                             ; 0.139 V                             ; 5.54e-10 s                 ; 3.16e-10 s                 ; Yes                       ; Yes                       ;
; o_led[2]          ; 3.3-V LVCMOS ; 0 s                 ; 0 s                 ; 3.08 V                       ; 3.87e-05 V                   ; 3.11 V              ; -0.0814 V           ; 0.131 V                              ; 0.136 V                              ; 5.88e-10 s                  ; 3.2e-10 s                   ; Yes                        ; Yes                        ; 3.08 V                      ; 3.87e-05 V                  ; 3.11 V             ; -0.0814 V          ; 0.131 V                             ; 0.136 V                             ; 5.88e-10 s                 ; 3.2e-10 s                  ; Yes                       ; Yes                       ;
; o_led[3]          ; 3.3-V LVCMOS ; 0 s                 ; 0 s                 ; 3.08 V                       ; 3.09e-05 V                   ; 3.09 V              ; -0.0462 V           ; 0.045 V                              ; 0.085 V                              ; 5.49e-10 s                  ; 3.06e-10 s                  ; Yes                        ; Yes                        ; 3.08 V                      ; 3.09e-05 V                  ; 3.09 V             ; -0.0462 V          ; 0.045 V                             ; 0.085 V                             ; 5.49e-10 s                 ; 3.06e-10 s                 ; Yes                       ; Yes                       ;
; o_led[4]          ; 3.3-V LVCMOS ; 0 s                 ; 0 s                 ; 3.08 V                       ; 3.73e-05 V                   ; 3.11 V              ; -0.104 V            ; 0.101 V                              ; 0.139 V                              ; 5.54e-10 s                  ; 3.16e-10 s                  ; Yes                        ; Yes                        ; 3.08 V                      ; 3.73e-05 V                  ; 3.11 V             ; -0.104 V           ; 0.101 V                             ; 0.139 V                             ; 5.54e-10 s                 ; 3.16e-10 s                 ; Yes                       ; Yes                       ;
; o_led[5]          ; 3.3-V LVCMOS ; 0 s                 ; 0 s                 ; 3.08 V                       ; 3.73e-05 V                   ; 3.11 V              ; -0.105 V            ; 0.101 V                              ; 0.142 V                              ; 5.54e-10 s                  ; 3.16e-10 s                  ; Yes                        ; Yes                        ; 3.08 V                      ; 3.73e-05 V                  ; 3.11 V             ; -0.105 V           ; 0.101 V                             ; 0.142 V                             ; 5.54e-10 s                 ; 3.16e-10 s                 ; Yes                       ; Yes                       ;
; o_led[6]          ; 3.3-V LVCMOS ; 0 s                 ; 0 s                 ; 3.08 V                       ; 3.87e-05 V                   ; 3.11 V              ; -0.0814 V           ; 0.131 V                              ; 0.136 V                              ; 5.88e-10 s                  ; 3.2e-10 s                   ; Yes                        ; Yes                        ; 3.08 V                      ; 3.87e-05 V                  ; 3.11 V             ; -0.0814 V          ; 0.131 V                             ; 0.136 V                             ; 5.88e-10 s                 ; 3.2e-10 s                  ; Yes                       ; Yes                       ;
; o_led[7]          ; 3.3-V LVCMOS ; 0 s                 ; 0 s                 ; 3.08 V                       ; 3.73e-05 V                   ; 3.11 V              ; -0.105 V            ; 0.101 V                              ; 0.142 V                              ; 5.54e-10 s                  ; 3.16e-10 s                  ; Yes                        ; Yes                        ; 3.08 V                      ; 3.73e-05 V                  ; 3.11 V             ; -0.105 V           ; 0.101 V                             ; 0.142 V                             ; 5.54e-10 s                 ; 3.16e-10 s                 ; Yes                       ; Yes                       ;
; target_nreset     ; 3.3-V LVTTL  ; 0 s                 ; 0 s                 ; 3.08 V                       ; 5.01e-05 V                   ; 3.13 V              ; -0.0367 V           ; 0.271 V                              ; 0.085 V                              ; 6.29e-10 s                  ; 3.66e-10 s                  ; Yes                        ; Yes                        ; 3.08 V                      ; 5.01e-05 V                  ; 3.13 V             ; -0.0367 V          ; 0.271 V                             ; 0.085 V                             ; 6.29e-10 s                 ; 3.66e-10 s                 ; Yes                       ; Yes                       ;
; target_swclk      ; 3.3-V LVTTL  ; 0 s                 ; 0 s                 ; 3.08 V                       ; 4.37e-05 V                   ; 3.09 V              ; -0.0146 V           ; 0.138 V                              ; 0.073 V                              ; 7.11e-10 s                  ; 3.79e-10 s                  ; Yes                        ; Yes                        ; 3.08 V                      ; 4.37e-05 V                  ; 3.09 V             ; -0.0146 V          ; 0.138 V                             ; 0.073 V                             ; 7.11e-10 s                 ; 3.79e-10 s                 ; Yes                       ; Yes                       ;
; dbg_target_nreset ; 3.3-V LVTTL  ; 0 s                 ; 0 s                 ; 3.08 V                       ; 5.01e-05 V                   ; 3.13 V              ; -0.0367 V           ; 0.271 V                              ; 0.085 V                              ; 6.29e-10 s                  ; 3.66e-10 s                  ; Yes                        ; Yes                        ; 3.08 V                      ; 5.01e-05 V                  ; 3.13 V             ; -0.0367 V          ; 0.271 V                             ; 0.085 V                             ; 6.29e-10 s                 ; 3.66e-10 s                 ; Yes                       ; Yes                       ;
; dbg_target_swclk  ; 3.3-V LVTTL  ; 0 s                 ; 0 s                 ; 3.08 V                       ; 5.01e-05 V                   ; 3.13 V              ; -0.0359 V           ; 0.272 V                              ; 0.084 V                              ; 6.28e-10 s                  ; 3.67e-10 s                  ; Yes                        ; Yes                        ; 3.08 V                      ; 5.01e-05 V                  ; 3.13 V             ; -0.0359 V          ; 0.272 V                             ; 0.084 V                             ; 6.28e-10 s                 ; 3.67e-10 s                 ; Yes                       ; Yes                       ;
; dbg_target_swo    ; 3.3-V LVTTL  ; 0 s                 ; 0 s                 ; 3.08 V                       ; 5.01e-05 V                   ; 3.13 V              ; -0.0359 V           ; 0.272 V                              ; 0.084 V                              ; 6.28e-10 s                  ; 3.67e-10 s                  ; Yes                        ; Yes                        ; 3.08 V                      ; 5.01e-05 V                  ; 3.13 V             ; -0.0359 V          ; 0.272 V                             ; 0.084 V                             ; 6.28e-10 s                 ; 3.67e-10 s                 ; Yes                       ; Yes                       ;
; target_swdio      ; 3.3-V LVTTL  ; 0 s                 ; 0 s                 ; 3.08 V                       ; 5.15e-05 V                   ; 3.12 V              ; -0.037 V            ; 0.165 V                              ; 0.109 V                              ; 7.77e-10 s                  ; 4.14e-10 s                  ; No                         ; Yes                        ; 3.08 V                      ; 5.15e-05 V                  ; 3.12 V             ; -0.037 V           ; 0.165 V                             ; 0.109 V                             ; 7.77e-10 s                 ; 4.14e-10 s                 ; No                        ; Yes                       ;
; dbg_target_swdio  ; 3.3-V LVTTL  ; 0 s                 ; 0 s                 ; 3.08 V                       ; 5.01e-05 V                   ; 3.13 V              ; -0.0367 V           ; 0.271 V                              ; 0.085 V                              ; 6.29e-10 s                  ; 3.66e-10 s                  ; Yes                        ; Yes                        ; 3.08 V                      ; 5.01e-05 V                  ; 3.13 V             ; -0.0367 V          ; 0.271 V                             ; 0.085 V                             ; 6.29e-10 s                 ; 3.66e-10 s                 ; Yes                       ; Yes                       ;
+-------------------+--------------+---------------------+---------------------+------------------------------+------------------------------+---------------------+---------------------+--------------------------------------+--------------------------------------+-----------------------------+-----------------------------+----------------------------+----------------------------+-----------------------------+-----------------------------+--------------------+--------------------+-------------------------------------+-------------------------------------+----------------------------+----------------------------+---------------------------+---------------------------+


+-----------------------------------------------------------------------------------------------------------------------------------------------------------------+
; Setup Transfers                                                                                                                                                 ;
+----------------------------------------------------------+----------------------------------------------------------+----------+----------+----------+----------+
; From Clock                                               ; To Clock                                                 ; RR Paths ; FR Paths ; RF Paths ; FF Paths ;
+----------------------------------------------------------+----------------------------------------------------------+----------+----------+----------+----------+
; Interface_SWD:instance_SWD_Interface|clock_SWCLK_Divided ; Interface_SWD:instance_SWD_Interface|clock_SWCLK_Divided ; 0        ; 0        ; 0        ; 79       ;
; Interface_SWD:instance_SWD_Interface|clock_SWCLK_Divided ; system_clock                                             ; 1        ; 1        ; 0        ; 0        ;
; system_clock                                             ; system_clock                                             ; 34       ; 0        ; 0        ; 0        ;
+----------------------------------------------------------+----------------------------------------------------------+----------+----------+----------+----------+
Entries labeled "false path" only account for clock-to-clock false paths and not path-based false paths. As a result, actual path counts may be lower than reported.


+-----------------------------------------------------------------------------------------------------------------------------------------------------------------+
; Hold Transfers                                                                                                                                                  ;
+----------------------------------------------------------+----------------------------------------------------------+----------+----------+----------+----------+
; From Clock                                               ; To Clock                                                 ; RR Paths ; FR Paths ; RF Paths ; FF Paths ;
+----------------------------------------------------------+----------------------------------------------------------+----------+----------+----------+----------+
; Interface_SWD:instance_SWD_Interface|clock_SWCLK_Divided ; Interface_SWD:instance_SWD_Interface|clock_SWCLK_Divided ; 0        ; 0        ; 0        ; 79       ;
; Interface_SWD:instance_SWD_Interface|clock_SWCLK_Divided ; system_clock                                             ; 1        ; 1        ; 0        ; 0        ;
; system_clock                                             ; system_clock                                             ; 34       ; 0        ; 0        ; 0        ;
+----------------------------------------------------------+----------------------------------------------------------+----------+----------+----------+----------+
Entries labeled "false path" only account for clock-to-clock false paths and not path-based false paths. As a result, actual path counts may be lower than reported.


---------------
; Report TCCS ;
---------------
No dedicated SERDES Transmitter circuitry present in device or used in design


---------------
; Report RSKM ;
---------------
No non-DPA dedicated SERDES Receiver circuitry present in device or used in design


+------------------------------------------------+
; Unconstrained Paths Summary                    ;
+---------------------------------+-------+------+
; Property                        ; Setup ; Hold ;
+---------------------------------+-------+------+
; Illegal Clocks                  ; 0     ; 0    ;
; Unconstrained Clocks            ; 0     ; 0    ;
; Unconstrained Input Ports       ; 3     ; 3    ;
; Unconstrained Input Port Paths  ; 11    ; 11   ;
; Unconstrained Output Ports      ; 5     ; 5    ;
; Unconstrained Output Port Paths ; 7     ; 7    ;
+---------------------------------+-------+------+


+------------------------------------------------------------------------------------------------------------------------------------------+
; Clock Status Summary                                                                                                                     ;
+----------------------------------------------------------+----------------------------------------------------------+------+-------------+
; Target                                                   ; Clock                                                    ; Type ; Status      ;
+----------------------------------------------------------+----------------------------------------------------------+------+-------------+
; Interface_SWD:instance_SWD_Interface|clock_SWCLK_Divided ; Interface_SWD:instance_SWD_Interface|clock_SWCLK_Divided ; Base ; Constrained ;
; system_clock                                             ; system_clock                                             ; Base ; Constrained ;
+----------------------------------------------------------+----------------------------------------------------------+------+-------------+


+-----------------------------------------------------------------------------------------------------+
; Unconstrained Input Ports                                                                           ;
+--------------+--------------------------------------------------------------------------------------+
; Input Port   ; Comment                                                                              ;
+--------------+--------------------------------------------------------------------------------------+
; i_button[0]  ; No input delay, min/max delays, false-path exceptions, or max skew assignments found ;
; target_swdio ; No input delay, min/max delays, false-path exceptions, or max skew assignments found ;
; target_swo   ; No input delay, min/max delays, false-path exceptions, or max skew assignments found ;
+--------------+--------------------------------------------------------------------------------------+


+----------------------------------------------------------------------------------------------------------+
; Unconstrained Output Ports                                                                               ;
+------------------+---------------------------------------------------------------------------------------+
; Output Port      ; Comment                                                                               ;
+------------------+---------------------------------------------------------------------------------------+
; dbg_target_swclk ; No output delay, min/max delays, false-path exceptions, or max skew assignments found ;
; dbg_target_swdio ; No output delay, min/max delays, false-path exceptions, or max skew assignments found ;
; dbg_target_swo   ; No output delay, min/max delays, false-path exceptions, or max skew assignments found ;
; o_led[0]         ; No output delay, min/max delays, false-path exceptions, or max skew assignments found ;
; target_swclk     ; No output delay, min/max delays, false-path exceptions, or max skew assignments found ;
+------------------+---------------------------------------------------------------------------------------+


+-----------------------------------------------------------------------------------------------------+
; Unconstrained Input Ports                                                                           ;
+--------------+--------------------------------------------------------------------------------------+
; Input Port   ; Comment                                                                              ;
+--------------+--------------------------------------------------------------------------------------+
; i_button[0]  ; No input delay, min/max delays, false-path exceptions, or max skew assignments found ;
; target_swdio ; No input delay, min/max delays, false-path exceptions, or max skew assignments found ;
; target_swo   ; No input delay, min/max delays, false-path exceptions, or max skew assignments found ;
+--------------+--------------------------------------------------------------------------------------+


+----------------------------------------------------------------------------------------------------------+
; Unconstrained Output Ports                                                                               ;
+------------------+---------------------------------------------------------------------------------------+
; Output Port      ; Comment                                                                               ;
+------------------+---------------------------------------------------------------------------------------+
; dbg_target_swclk ; No output delay, min/max delays, false-path exceptions, or max skew assignments found ;
; dbg_target_swdio ; No output delay, min/max delays, false-path exceptions, or max skew assignments found ;
; dbg_target_swo   ; No output delay, min/max delays, false-path exceptions, or max skew assignments found ;
; o_led[0]         ; No output delay, min/max delays, false-path exceptions, or max skew assignments found ;
; target_swclk     ; No output delay, min/max delays, false-path exceptions, or max skew assignments found ;
+------------------+---------------------------------------------------------------------------------------+


+--------------------------+
; Timing Analyzer Messages ;
+--------------------------+
Info: *******************************************************************
Info: Running Quartus Prime Timing Analyzer
    Info: Version 20.1.1 Build 720 11/11/2020 SJ Lite Edition
    Info: Processing started: Thu Oct 13 03:22:05 2022
Info: Command: quartus_sta CFXS_HWD_TestDev -c CFXS_HWD_TestDev
Info: qsta_default_script.tcl version: #1
Info (20032): Parallel compilation is enabled and will use up to 8 processors
Warning (20031): Parallel compilation is enabled for 8 processors, but there are only 4 processors in the system. Runtime may increase due to over usage of the processor space.
Info (21077): Low junction temperature is -40 degrees C
Info (21077): High junction temperature is 100 degrees C
Critical Warning (332012): Synopsys Design Constraints File file not found: 'CFXS_HWD_TestDev.sdc'. A Synopsys Design Constraints File is required by the Timing Analyzer to get proper timing constraints. Without it, the Compiler will not properly optimize the design.
Info (332142): No user constrained base clocks found in the design. Calling "derive_clocks -period 1.0"
Info (332105): Deriving Clocks
    Info (332105): create_clock -period 1.000 -name Interface_SWD:instance_SWD_Interface|clock_SWCLK_Divided Interface_SWD:instance_SWD_Interface|clock_SWCLK_Divided
    Info (332105): create_clock -period 1.000 -name system_clock system_clock
Info (332143): No user constrained clock uncertainty found in the design. Calling "derive_clock_uncertainty"
Info (332123): Deriving Clock Uncertainty. Please refer to report_sdc in the Timing Analyzer to see clock uncertainties.
Info: Found TIMING_ANALYZER_REPORT_SCRIPT_INCLUDE_DEFAULT_ANALYSIS = ON
Critical Warning (332148): Timing requirements not met
    Info (11105): For recommendations on closing timing, run Report Timing Closure Recommendations in the Timing Analyzer.
Info (332146): Worst-case setup slack is -4.215
    Info (332119):     Slack       End Point TNS Clock 
    Info (332119): ========= =================== =====================
    Info (332119):    -4.215              -8.818 system_clock 
    Info (332119):    -2.364             -20.293 Interface_SWD:instance_SWD_Interface|clock_SWCLK_Divided 
Info (332146): Worst-case hold slack is 0.464
    Info (332119):     Slack       End Point TNS Clock 
    Info (332119): ========= =================== =====================
    Info (332119):     0.464               0.000 system_clock 
    Info (332119):     0.592               0.000 Interface_SWD:instance_SWD_Interface|clock_SWCLK_Divided 
Info (332140): No Recovery paths to report
Info (332140): No Removal paths to report
Info (332146): Worst-case minimum pulse width slack is -0.560
    Info (332119):     Slack       End Point TNS Clock 
    Info (332119): ========= =================== =====================
    Info (332119):    -0.560              -6.952 system_clock 
    Info (332119):    -0.538              -7.042 Interface_SWD:instance_SWD_Interface|clock_SWCLK_Divided 
Info (332102): Design is not fully constrained for setup requirements
Info (332102): Design is not fully constrained for hold requirements
Info: Quartus Prime Timing Analyzer was successful. 0 errors, 3 warnings
    Info: Peak virtual memory: 4913 megabytes
    Info: Processing ended: Thu Oct 13 03:22:07 2022
    Info: Elapsed time: 00:00:02
    Info: Total CPU time (on all processors): 00:00:02


